# TP2 : Appr√©hender l'environnement Linux

# I. Service SSH

Le service SSH est d√©j√† install√© sur la machine, et il est aussi d√©j√† d√©marr√© par d√©faut, c'est Rocky qui fait √ßa nativement.

## 1. Analyse du service

On va, dans cette premi√®re partie, analyser le service SSH qui est en cours d'ex√©cution.

üåû **S'assurer que le service `sshd` est d√©marr√©**
```
[zmehdi@localhost ~]$ systemctl status sshd
``` 
```
‚óè sshd.service - OpenSSH server daemon
   Loaded: loaded (/usr/lib/systemd/system/sshd.service; enabl>   Active: active (running) since Mon 2023-02-13 16:33:09 CET;>     Docs: man:sshd(8)
           man:sshd_config(5)
 Main PID: 873 (sshd)
    Tasks: 1 (limit: 4916)
   Memory: 3.8M
   CGroup: /system.slice/sshd.service
           ‚îî‚îÄ873 /usr/sbin/sshd -D -oCiphers=aes256-gcm@openss>
Feb 13 16:33:09 localhost.localdomain systemd[1]: Starting Ope>Feb 13 16:33:09 localhost.localdomain sshd[873]: Server listen>Feb 13 16:33:09 localhost.localdomain sshd[873]: Server listen>Feb 13 16:33:09 localhost.localdomain systemd[1]: Started Open>Feb 13 16:39:21 localhost.localdomain sshd[1603]: Accepted pas>Feb 13 16:39:21 localhost.localdomain sshd[1603]: pam_unix(ssh>lines 1-17/17 (END)
```

üåû **Analyser les processus li√©s au service SSH**
```
[zmehdi@localhost ~]$ ps -ef | grep sshd
root         873       1  0 16:33 ?        00:00:00 /usr/sbin/sshd 
root        1603     873  0 16:39 ?        00:00:00 sshd: zmehdi [priv]
zmehdi      1607    1603  0 16:39 ?        00:00:00 sshd: zmehdi@pts/0
zmehdi      1648    1608  0 16:51 pts/0    00:00:00 grep --color=auto sshd
```


üåû **D√©terminer le port sur lequel √©coute le service SSH**
```
[zmehdi@localhost ~]$ sudo ss -alpnt | grep sshd
[sudo] password for zmehdi:
LISTEN 0      128          0.0.0.0:22        0.0.0.0:*    users:(("sshd",pid=873,fd=5))
LISTEN 0      128             [::]:22           [::]:*    users:(("sshd",pid=873,fd=7))
```
üåû **Consulter les logs du service SSH**
```
[zmehdi@localhost ~]$ sudo journalctl -xe -u sshd
```
```
-- Logs begin at Mon 2023-02-13 16:33:03 CET, end at Mon 2023-02-13 17:18:18 CET. --
Feb 13 16:33:09 localhost.localdomain systemd[1]: Starting OpenSSH server daemon...
-- Subject: Unit sshd.service has begun start-up
-- Defined-By: systemd
-- Support: https://lists.freedesktop.org/mailman/listinfo/systemd-devel
--
-- Unit sshd.service has begun starting up.
Feb 13 16:33:09 localhost.localdomain sshd[873]: Server listening on 0.0.0.0 port 22.
Feb 13 16:33:09 localhost.localdomain sshd[873]: Server listening on :: port 22.
Feb 13 16:33:09 localhost.localdomain systemd[1]: Started OpenSSH server daemon.
-- Subject: Unit sshd.service has finished start-up
-- Defined-By: systemd
-- Support: https://lists.freedesktop.org/mailman/listinfo/systemd-devel
--
-- Unit sshd.service has finished starting up.
--
-- The start-up result is done.
Feb 13 16:39:21 localhost.localdomain sshd[1603]: Accepted password for zmehdi from 10.105.1.10 port 64051 ssh2
Feb 13 16:39:21 localhost.localdomain sshd[1603]: pam_unix(sshd:session): session opened for user zmehdi by (uid=0)
lines 1-19/19 (END)
```
```
[zmehdi@localhost log]$ journalctl | grep ssh | tail -n 10
Feb 13 16:33:08 localhost.localdomain systemd[1]: Reached target sshd-keygen.target.
Feb 13 16:33:09 localhost.localdomain sshd[873]: Server listening on 0.0.0.0 port 22.
Feb 13 16:33:09 localhost.localdomain sshd[873]: Server listening on :: port 22.
Feb 13 16:39:21 localhost.localdomain sshd[1603]: Accepted password for zmehdi from 10.105.1.10 port 64051 ssh2
Feb 13 16:39:21 localhost.localdomain sshd[1603]: pam_unix(sshd:session): session opened for user zmehdi by (uid=0)
Feb 13 17:18:18 localhost.localdomain sudo[1667]:   zmehdi : TTY=pts/0 ; PWD=/home/zmehdi ; USER=root ; COMMAND=/bin/journalctl -xe -u sshd
```
## 2. Modification du service

üåû **Identifier le fichier de configuration du serveur SSH**
```
[zmehdi@localhost log]$ ls -al /etc/ssh/sshd_config
-rw-------. 1 root root 4267 Sep 29 02:52 /etc/ssh/sshd_config
```
üåû **Modifier le fichier de conf**
```
[zmehdi@localhost log]$ echo $RANDOM
30542
```
```
[zmehdi@localhost ~]$ sudo nano /etc/ssh/sshd_config
[zmehdi@localhost ~]$ sudo cat /etc/ssh/sshd_config | grep "Port 30542"
#Port 30542
```
```
[zmehdi@localhost log]$ sudo firewall-cmd --add-port=30542/tcp --permanent
success
[zmehdi@localhost log]$ sudo firewall-cmd --remove-service=ssh --permanent
success
[zmehdi@localhost log]$ sudo firewall-cmd --reload
success
```
üåû **Red√©marrer le service**
```
[zmehdi@localhost log]$ sudo systemctl restart sshd
```
üåû **Effectuer une connexion SSH sur le nouveau port**
```
[zmehdi@localhost ~]$ ssh 10.105.1.19 -p 30542
Last login: Tue Feb 14 11:44:57 2023 from 10.105.1.10
```

# II. Service HTTP

## 1. Mise en place

üåû **Installer le serveur NGINX**
```
[zmehdi@localhost ~]$ sudo dnf install -y nginx
```


üåû **D√©marrer le service NGINX**
```
[zmehdi@localhost ~]$ sudo systemctl start nginx
```
üåû **D√©terminer sur quel port tourne NGINX**
```
[zmehdi@localhost ~]$ sudo ss -alnpt | grep nginx
LISTEN 0      128          0.0.0.0:80        0.0.0.0:*    users:(("nginx",pid=12579,fd=8),("nginx",pid=12578,fd=8))
LISTEN 0      128             [::]:80           [::]:*    users:(("nginx",pid=12579,fd=9),("nginx",pid=12578,fd=9))

[zmehdi@localhost ~]$ sudo firewall-cmd --add-port=80/tcp --permanent
success
[zmehdi@localhost ~]$ sudo firewall-cmd --reload
success
```

üåû **D√©terminer les processus li√©s √† l'ex√©cution de NGINX**
```
[zmehdi@localhost ~]$ ps -ef | grep nginx
root       12578       1  0 Feb14 ?        00:00:00 nginx: master process /usr/sbin/nginx
nginx      12579   12578  0 Feb14 ?        00:00:00 nginx: worker process
zmehdi     13065   13006  0 13:32 pts/0    00:00:00 grep --color=auto nginx
```

üåû **Euh wait**
```
[zmehdi@localhost ~]$ curl http://10.105.1.19 | head -n7
  % Total    % Received % Xferd  Average Speed   Time    Time     Time  Current
                                 Dload  Upload   Total   Spent    Left  Speed
100  3429  100  3429    0     0  3348k      0 --:--:-- --:--:-- --:--:-- 3348k
<!DOCTYPE html PUBLIC "-//W3C//DTD XHTML 1.1//EN" "http://www.w3.org/TR/xhtml11/DTD/xhtml11.dtd">

<html xmlns="http://www.w3.org/1999/xhtml" xml:lang="en">
  <head>
    <title>Test Page for the Nginx HTTP Server on Rocky Linux</title>
    <meta http-equiv="Content-Type" content="text/html; charset=UTF-8" />
    <style type="text/css">
```
## 2. Analyser la conf de NGINX

üåû **D√©terminer le path du fichier de configuration de NGINX**
```
[zmehdi@localhost ~]$ ls -al /etc/nginx/nginx.conf
-rw-r--r--. 1 root root 2469 Jun 10  2021 /etc/nginx/nginx.conf
```
üåû **Trouver dans le fichier de conf**
```
[zmehdi@localhost ~]$ cat /etc/nginx/nginx.conf | grep '^ *server {' -A 16
    server {
        listen       80 default_server;
        listen       [::]:80 default_server;
        server_name  _;
        root         /usr/share/nginx/html;

        # Load configuration files for the default server block.
        include /etc/nginx/default.d/*.conf;

        location / {
        }

        error_page 404 /404.html;
            location = /40x.html {
        }

        error_page 500 502 503 504 /50x.html;

[zmehdi@localhost ~]$ cat /etc/nginx/nginx.conf | grep include
include /usr/share/nginx/modules/*.conf;
    include             /etc/nginx/mime.types;
    # See http://nginx.org/en/docs/ngx_core_module.html#include
    include /etc/nginx/conf.d/*.conf;
        include /etc/nginx/default.d/*.conf;
#        include /etc/nginx/default.d/*.conf;
```
## 3. D√©ployer un nouveau site web

üåû **Cr√©er un site web**
```
[zmehdi@localhost ~]$ cd /var/
[zmehdi@localhost var]$ sudo mkdir www
[zmehdi@localhost var]$ ls
adm    db     games     local  mail  preserve  tmp
cache  empty  kerberos  lock   nis   run       www
crash  ftp    lib       log    opt   spool     yp
[zmehdi@localhost var]$ cd www
[zmehdi@localhost www]$ sudo mkdir tp2_linux
[zmehdi@localhost www]$ cd tp2_linux/
[zmehdi@localhost tp2_linux]$ sudo touch idnex.html
[zmehdi@localhost tp2_linux]$ sudo nano idnex.html
[zmehdi@localhost tp2_linux]$ sudo cat idnex.html
<h1>MEOW mon premier serveur web</h1>
```

üåû **Adapter la conf NGINX**
```
[zmehdi@localhost ~]$ cd /etc/nginx/
[zmehdi@localhost nginx]$ sudo nano nginx.conf
[zmehdi@localhost nginx]$ sudo systemctl restart nginx
[zmehdi@localhost nginx]$
[zmehdi@localhost nginx]$ cd conf.d
[zmehdi@localhost conf.d]$ sudo touch site_web.conf
[zmehdi@localhost conf.d]$ ls
site_web.conf
[zmehdi@localhost conf.d]$ echo $RANDOM
15797
[zmehdi@localhost conf.d]$ sudo nano site_web.conf
[zmehdi@localhost conf.d]$ sudo cat site_web.conf
server {
  # le port choisi devra √™tre obtenu avec un 'echo $RANDOM' l√† encore
  listen 15797;

  root /var/www/tp2_linux;
}
[zmehdi@localhost conf.d]$ sudo systemctl restart nginx
[zmehdi@localhost conf.d]$ sudo firewall-cmd --add-port=15797/tcp --per
manent
success
[zmehdi@localhost conf.d]$ sudo firewall-cmd --reload
success
```

# III. Your own services


## 2. Analyse des services existants

üåû **Afficher le fichier de service SSH**
```
[zmehdi@localhost ~]$ systemctl status sshd
‚óè sshd.service - OpenSSH server daemon
     Loaded: loaded (/usr/lib/systemd/system/sshd.service;
[zmehdi@localhost ~]$ cat /usr/lib/systemd/system/sshd.service | grep  ExecStart=
ExecStart=/usr/sbin/sshd -D $OPTIONS
[zmehdi@localhost ~]$ sudo systemctl start sshd
```

üåû **Afficher le fichier de service NGINX**
```
[zmehdi@localhost ~]$ systemctl status nginx
‚óè nginx.service - The nginx HTTP and reverse proxy server
     Loaded: loaded (/usr/lib/systemd/system/nginx.service;
[zmehdi@localhost ~]$ cat /usr/lib/systemd/system/nginx.service | grep
 ExecStart=
ExecStart=/usr/sbin/nginx
[zmehdi@localhost ~]$ sudo sudo systemctl start nginx
```
## 3. Cr√©ation de service

üåû **Cr√©ez le fichier `/etc/systemd/system/tp2_nc.service`**
```
[zmehdi@localhost ~]$ cd /etc/systemd/system/
[zmehdi@localhost system]$ sudo touch tp2_nc.service
[zmehdi@localhost system]$ sudo nano tp2_nc.service
[zmehdi@localhost system]$ echo $RANDOM
8543
[zmehdi@localhost system]$ sudo cat  tp2_nc.service
[Unit]
Description=Super netcat tout fou

[Service]
ExecStart=/usr/bin/nc -l 8543¬µ
[zmehdi@localhost system]$ sudo firewall-cmd --add-port=8543/tcp --permanent
success
[zmehdi@localhost system]$ sudo firewall-cmd --reload
success

```

üåû **Indiquer au syst√®me qu'on a modifi√© les fichiers de service**
```
[zmehdi@localhost system]$  sudo systemctl daemon-reload
```
üåû **D√©marrer notre service de ouf**
```
[zmehdi@localhost system]$ sudo systemctl start tp2_nc.service
```

üåû **V√©rifier que √ßa fonctionne**
```
[zmehdi@localhost system]$ systemctl status tp2_nc.service
‚óè tp2_nc.service - Super netcat tout fou
     Loaded: loaded (/etc/systemd/system/tp2_nc.service; static)
     Active: active (running) since Thu 2023-03-30 14:20:48 CET; 1min 4>
   Main PID: 44709 (nc)
      Tasks: 1 (limit: 5904)
     Memory: 788.0K
        CPU: 7ms
     CGroup: /system.slice/tp2_nc.service
             ‚îî‚îÄ44709 /usr/bin/nc -l 8888

Mar 30 15:30:58 vmlinux systemd[1]: Started Super netcat tout fou.
```
sur ma VM 
```
[zmehdi@localhost system]$ nc -l 8543
coucou
salut
heheh
^C
```
sur mon PC
```
C:\Users\zmehdi\netcat-1.11>nc 10.105.1.19 8543
coucou
salut
heheh

```

üåû **Les logs de votre service**
```
[zmehdi@localhost system]$ sudo journalctl -xe -u tp2_nc -f
Mar 30 14:20:48 vmlinux systemd[1]: Started Super netcat tout fou.
‚ñë‚ñë Subject: A start job for unit tp2_nc.service has finished successfully
‚ñë‚ñë Defined-By: systemd
‚ñë‚ñë Support: https://access.redhat.com/support
‚ñë‚ñë
‚ñë‚ñë A start job for unit tp2_nc.service has finished successfully.
‚ñë‚ñë
‚ñë‚ñë The job identifier is 7186.
^C

```


üåû **Affiner la d√©finition du service**
```
[zmehdi@localhost system]$ sudo nano tp2_nc.service
[zmehdi@localhost system]$ sudo cat tp2_nc.service
[Unit]
Description=Super netcat tout fou

[Service]
ExecStart=/usr/bin/nc -l 8543
Restart=always
[zmehdi@localhost system]$ sudo systemctl daemon-reload

sur ma VM apr√®s quelques minutes d'attentes 
[zmehdi@localhost system]$ nc -l 8543
yo
we
okk

sur mon pc apr√®s quelques minutes d'attentes 
C:\Users\zmehdi\netcat-1.11>nc 10.105.1.19 8543
yo
we
okk

^C
```