# TP5 : Self-hosted cloud

🌞 **Installer le serveur Apache**
```
[zmehdi@localhost ~]$ sudo dnf install httpd
```

🌞 **Démarrer le service Apache**
```
[zmehdi@localhost ~]$ sudo systemctl start httpd
[zmehdi@localhost ~]$ sudo systemctl enable httpd

Created symlink /etc/systemd/system/multi-user.target.wants/httpd.service → /usr/lib/systemd/system/httpd.service.
```
  - ouvrez le port firewall nécessaire
```
[zmehdi@localhost ~]$ sudo ss -lantpu | grep httpd
[sudo] password for zmehdi:

tcp   LISTEN 0      128                   *:80              *:*     users:(("httpd",pid=2291,fd=4),("httpd",pid=2290,fd=4),("httpd",pid=2289,fd=4),("httpd",pid=2287,fd=4))
```
```
[zmehdi@localhost ~]$ sudo firewall-cmd --zone=public --permanent --add-port=80/tcp
Warning: ALREADY_ENABLED: 80:tcp
success
[zmehdi@localhost ~]$ sudo firewall-cmd --zone=public --permanent --add-port=443/tcp
Warning: ALREADY_ENABLED: 443:tcp
success
[zmehdi@localhost ~]$ sudo firewall-cmd --reload
success
```

**En cas de problème** (IN CASE OF FIIIIRE) vous pouvez check les logs d'Apache :

```bash
# Demander à systemd les logs relatifs au service httpd
$ sudo journalctl -xe -u httpd

# Consulter le fichier de logs d'erreur d'Apache
$ sudo cat /var/log/httpd/error_log

# Il existe aussi un fichier de log qui enregistre toutes les requêtes effectuées sur votre serveur
$ sudo cat /var/log/httpd/access_log
```

🌞 **TEST**

- vérifier avec une commande `curl localhost` que vous joignez votre serveur web localement
```
[zmehdi@localhost ~]$ curl localhost | head -10
  % Total    % Received % Xferd  Average Speed   Time    Time     Time  Current
                                 Dload  Upload   Total   Spent    Left  Speed
100  7620  100  7620    0     0  1488k      0 --:--:-- --:--:-- --:--:-- 1860k
<!doctype html>
<html>
  <head>
    <meta charset='utf-8'>
    <meta name='viewport' content='width=device-width, initial-scale=1'>
    <title>HTTP Server Test Page powered by: Rocky Linux</title>
    <style type="text/css">
      /*<![CDATA[*/

      html {
```
- vérifier depuis votre PC que vous accéder à la page par défaut
```
Zahreddine Mehdi@LAPTOP-B0TVBCEU MINGW64 ~
$ curl http://10.105.1.11/ |head -10
  % Total    % Received % Xferd  Average Speed   Time    Time     Time  Current
                                 Dload  Upload   Total   Spent    Left  Speed
100  7620  100  7620    0     0  4059k      0 --:--:-- --:--:-- --:--:-- 7441k<!doctype html>
<html>
  <head>
    <meta charset='utf-8'>
    <meta name='viewport' content='width=device-width, initial-scale=1'>
    <title>HTTP Server Test Page powered by: Rocky Linux</title>
    <style type="text/css">
      /*<![CDATA[*/

      html {
```

## 2. Avancer vers la maîtrise du service

🌞 **Le service Apache...**

- affichez le contenu du fichier `httpd.service` qui contient la définition du service Apache
```
[zmehdi@localhost ~]$ cd /etc
[zmehdi@localhost etc]$ systemctl cat httpd | tail -10

ExecStart=/usr/sbin/httpd $OPTIONS -DFOREGROUND
ExecReload=/usr/sbin/httpd $OPTIONS -k graceful
# Send SIGWINCH for graceful stop
KillSignal=SIGWINCH
KillMode=mixed
PrivateTmp=true

[Install]
WantedBy=multi-user.target
```

🌞 **Déterminer sous quel utilisateur tourne le processus Apache**
```
[zmehdi@localhost etc]$ sudo cat /etc/httpd/conf/httpd.conf | grep apache

User apache
Group apache
    # http://httpd.apache.org/docs/2.4/mod/core.html#options
```
```
[zmehdi@localhost etc]$ cd /etc/httpd
[zmehdi@localhost httpd]$ ps -ef | grep httpd

root        2287       1  0 11:02 ?        00:00:00 /usr/sbin/httpd -DFOREGROUND
apache      2288    2287  0 11:02 ?        00:00:00 /usr/sbin/httpd -DFOREGROUND
apache      2289    2287  0 11:02 ?        00:00:00 /usr/sbin/httpd -DFOREGROUND
apache      2290    2287  0 11:02 ?        00:00:01 /usr/sbin/httpd -DFOREGROUND
apache      2291    2287  0 11:02 ?        00:00:00 /usr/sbin/httpd -DFOREGROUND
zmehdi      2691    1728  0 12:40 pts/0    00:00:00 grep --color=auto httpd
```
```
[zmehdi@localhost httpd]$ cd /usr/share/testpage/
[zmehdi@localhost testpage]$ ls -al

total 12
drwxr-xr-x.  2 root root   24 Jan 17 10:55 .
drwxr-xr-x. 79 root root 4096 Jan 17 10:55 ..
-rw-r--r--.  1 root root 7620 Jul 27 20:04 index.html
```


🌞 **Changer l'utilisateur utilisé par Apache**

```
[zmehdi@localhost ~]$ sudo useradd zouzou -s /sbin/nologin -u 6969 -d /usr/share/httpd -p root
```
```
[sudo] password for zmehdi:
useradd: warning: the home directory already exists.
Not copying any file from skel directory into it.
```
```
[zmehdi@localhost ~]$ sudo cat /etc/passwd | tail -2
apache:x:48:48:Apache:/usr/share/httpd:/sbin/nologin
zouzou:x:6969:6969::/usr/share/httpd:/sbin/nologin
```
```
[zmehdi@localhost ~]$ sudo nano /etc/httpd/conf/httpd.conf
```
```
[zmehdi@localhost ~]$ sudo cat /etc/httpd/conf/httpd.conf | grep zouzou
[zmehdi@localhost ~]$ sudo systemctl restart httpd
[zmehdi@localhost ~]$ systemctl status httpd
● httpd.service - The Apache HTTP Server
   Loaded: loaded (/usr/lib/systemd/system/httpd.service; enabled; vendo>   Active: active (running) since Sun 2023-01-22 12:02:53 CET; 17s ago
     Docs: man:httpd.service(8)
 Main PID: 4015 (httpd)
   Status: "Running, listening on: port 80"
    Tasks: 213 (limit: 4916)
   Memory: 25.0M
   CGroup: /system.slice/httpd.service
           ├─4015 /usr/sbin/httpd -DFOREGROUND
           ├─4017 /usr/sbin/httpd -DFOREGROUND
           ├─4018 /usr/sbin/httpd -DFOREGROUND
           ├─4019 /usr/sbin/httpd -DFOREGROUND
           └─4020 /usr/sbin/httpd -DFOREGROUND

Jan 22 12:02:53 localhost.localdomain systemd[1]: httpd.service: Succeed>Jan 22 12:02:53 localhost.localdomain systemd[1]: Stopped The Apache HTT>Jan 22 12:02:53 localhost.localdomain systemd[1]: Starting The Apache HT>Jan 22 12:02:53 localhost.localdomain httpd[4015]: AH00558: httpd: Could>Jan 22 12:02:53 localhost.localdomain httpd[4015]: Server configured, li>Jan 22 12:02:53 localhost.localdomain systemd[1]: Started The Apache HTT>lines 1-21/21 (END)
```
🌞 **Faites en sorte que Apache tourne sur un autre port**
```
[zmehdi@localhost ~]$ sudo cat /etc/httpd/conf/httpd.conf | grep 
```
```
Listen
```
```
[sudo] password for zmehdi:
# Listen: Allows you to bind Apache to specific IP addresses and/or
# Change this to Listen on specific IP addresses as shown below to
#Listen 12.34.56.78:80
Listen 80
```
```
[zmehdi@localhost ~]$ sudo firewall-cmd --zone=public --permanent --add-port=8080/tcp
success
[zmehdi@localhost ~]$ sudo firewall-cmd --reload
success
[zmehdi@localhost ~]$ sudo systemctl restart httpd
[zmehdi@localhost ~]$ systemctl status httpd
● httpd.service - The Apache HTTP Server
   Loaded: loaded (/usr/lib/systemd/system/httpd.service; enabled; vendor p>
   Active: active (running) since Sun 2023-01-29 19:27:17 CET; 1min 35s ago
     Docs: man:httpd.service(8)
 Main PID: 7527 (httpd)
   Status: "Running, listening on: port 80"
    Tasks: 213 (limit: 4916)
   Memory: 25.0M
   CGroup: /system.slice/httpd.service
           ├─7527 /usr/sbin/httpd -DFOREGROUND
           ├─7528 /usr/sbin/httpd -DFOREGROUND
           ├─7529 /usr/sbin/httpd -DFOREGROUND
           ├─7530 /usr/sbin/httpd -DFOREGROUND
           └─7531 /usr/sbin/httpd -DFOREGROUND

Jan 29 19:27:17 localhost.localdomain systemd[1]: httpd.service: Succeeded.
Jan 29 19:27:17 localhost.localdomain systemd[1]: Stopped The Apache HTTP S>
Jan 29 19:27:17 localhost.localdomain systemd[1]: Starting The Apache HTTP >
Jan 29 19:27:17 localhost.localdomain httpd[7527]: AH00558: httpd: Could no>
Jan 29 19:27:17 localhost.localdomain systemd[1]: Started The Apache HTTP S>
Jan 29 19:27:17 localhost.localdomain httpd[7527]: Server configured, liste>

[1]+  Stopped                 systemctl status httpd
```
```
[zmehdi@localhost ~]$ sudo ss -lnaptu | grep 80
tcp   LISTEN 0      128                   *:80              *:*     users:(("httpd",pid=7531,fd=4),("httpd",pid=7530,fd=4),("httpd",pid=7529,fd=4),("httpd",pid=7527,fd=4)
```